Archive member included because of file (symbol)

/opt/Freescale/KDS_v3/toolchain/bin/../lib/gcc/arm-none-eabi/4.9.3/../../../../arm-none-eabi/lib/armv6-m/libg_nano.a(lib_a-exit.o)
                              /opt/Freescale/KDS_v3/toolchain/bin/../lib/gcc/arm-none-eabi/4.9.3/../../../../arm-none-eabi/lib/armv6-m/crt0.o (exit)
/opt/Freescale/KDS_v3/toolchain/bin/../lib/gcc/arm-none-eabi/4.9.3/../../../../arm-none-eabi/lib/armv6-m/libg_nano.a(lib_a-impure.o)
                              /opt/Freescale/KDS_v3/toolchain/bin/../lib/gcc/arm-none-eabi/4.9.3/../../../../arm-none-eabi/lib/armv6-m/libg_nano.a(lib_a-exit.o) (_global_impure_ptr)
/opt/Freescale/KDS_v3/toolchain/bin/../lib/gcc/arm-none-eabi/4.9.3/../../../../arm-none-eabi/lib/armv6-m/libg_nano.a(lib_a-init.o)
                              /opt/Freescale/KDS_v3/toolchain/bin/../lib/gcc/arm-none-eabi/4.9.3/../../../../arm-none-eabi/lib/armv6-m/crt0.o (__libc_init_array)
/opt/Freescale/KDS_v3/toolchain/bin/../lib/gcc/arm-none-eabi/4.9.3/../../../../arm-none-eabi/lib/armv6-m/libg_nano.a(lib_a-memcpy.o)
                              ./Static_Code/System/CPU_Init.o (memcpy)
/opt/Freescale/KDS_v3/toolchain/bin/../lib/gcc/arm-none-eabi/4.9.3/../../../../arm-none-eabi/lib/armv6-m/libg_nano.a(lib_a-memset.o)
                              /opt/Freescale/KDS_v3/toolchain/bin/../lib/gcc/arm-none-eabi/4.9.3/../../../../arm-none-eabi/lib/armv6-m/crt0.o (memset)
/opt/Freescale/KDS_v3/toolchain/bin/../lib/gcc/arm-none-eabi/4.9.3/../../../../arm-none-eabi/lib/armv6-m/libnosys.a(_exit.o)
                              /opt/Freescale/KDS_v3/toolchain/bin/../lib/gcc/arm-none-eabi/4.9.3/../../../../arm-none-eabi/lib/armv6-m/libg_nano.a(lib_a-exit.o) (_exit)

Allocating common symbols
Common symbol       size              file

DataFrameTxFlg      0x1               ./Sources/Application.o
SR_reg              0x1               ./Static_Code/System/CPU_Init.o
txbuffer            0x1               ./Sources/Application.o
Error               0x2               ./Sources/Application.o
rxbuffer            0x1               ./Sources/Application.o

Discarded input sections

 .text          0x00000000        0x0 /opt/Freescale/KDS_v3/toolchain/bin/../lib/gcc/arm-none-eabi/4.9.3/armv6-m/crti.o
 .data          0x00000000        0x0 /opt/Freescale/KDS_v3/toolchain/bin/../lib/gcc/arm-none-eabi/4.9.3/armv6-m/crti.o
 .bss           0x00000000        0x0 /opt/Freescale/KDS_v3/toolchain/bin/../lib/gcc/arm-none-eabi/4.9.3/armv6-m/crti.o
 .data          0x00000000        0x4 /opt/Freescale/KDS_v3/toolchain/bin/../lib/gcc/arm-none-eabi/4.9.3/armv6-m/crtbegin.o
 .data          0x00000000        0x0 /opt/Freescale/KDS_v3/toolchain/bin/../lib/gcc/arm-none-eabi/4.9.3/../../../../arm-none-eabi/lib/armv6-m/crt0.o
 .bss           0x00000000        0x0 /opt/Freescale/KDS_v3/toolchain/bin/../lib/gcc/arm-none-eabi/4.9.3/../../../../arm-none-eabi/lib/armv6-m/crt0.o
 .ARM.extab     0x00000000        0x0 /opt/Freescale/KDS_v3/toolchain/bin/../lib/gcc/arm-none-eabi/4.9.3/../../../../arm-none-eabi/lib/armv6-m/crt0.o
 .group         0x00000000        0x8 ./Static_Code/System/CPU_Init.o
 .group         0x00000000        0x8 ./Static_Code/System/CPU_Init.o
 .group         0x00000000        0x8 ./Static_Code/System/CPU_Init.o
 .group         0x00000000        0x8 ./Static_Code/System/CPU_Init.o
 .group         0x00000000        0x8 ./Static_Code/System/CPU_Init.o
 .group         0x00000000        0x8 ./Static_Code/System/CPU_Init.o
 .group         0x00000000        0x8 ./Static_Code/System/CPU_Init.o
 .group         0x00000000        0x8 ./Static_Code/System/CPU_Init.o
 .group         0x00000000        0x8 ./Static_Code/System/CPU_Init.o
 .group         0x00000000        0x8 ./Static_Code/System/CPU_Init.o
 .group         0x00000000        0x8 ./Static_Code/System/CPU_Init.o
 .group         0x00000000        0x8 ./Static_Code/System/CPU_Init.o
 .group         0x00000000        0x8 ./Static_Code/System/CPU_Init.o
 .group         0x00000000        0x8 ./Static_Code/System/CPU_Init.o
 .group         0x00000000        0x8 ./Static_Code/System/CPU_Init.o
 .group         0x00000000        0x8 ./Static_Code/System/CPU_Init.o
 .group         0x00000000        0x8 ./Static_Code/System/CPU_Init.o
 .group         0x00000000        0x8 ./Static_Code/System/CPU_Init.o
 .group         0x00000000        0x8 ./Static_Code/System/CPU_Init.o
 .group         0x00000000        0x8 ./Static_Code/System/CPU_Init.o
 .group         0x00000000        0x8 ./Static_Code/System/CPU_Init.o
 .group         0x00000000        0x8 ./Static_Code/System/CPU_Init.o
 .group         0x00000000        0x8 ./Static_Code/System/CPU_Init.o
 .group         0x00000000        0x8 ./Static_Code/System/CPU_Init.o
 .group         0x00000000        0x8 ./Static_Code/System/CPU_Init.o
 .group         0x00000000        0x8 ./Static_Code/System/CPU_Init.o
 .group         0x00000000        0x8 ./Static_Code/System/CPU_Init.o
[...]
Memory Configuration

Name             Origin             Length             Attributes
m_interrupts     0x00000000         0x000000c0         xr
m_text           0x00000410         0x0001fbf0         xr
m_data           0x1ffff000         0x00004000         rw
m_cfmprotrom     0x00000400         0x00000010         xr
*default*        0x00000000         0xffffffff

Linker script and memory map

LOAD /opt/Freescale/KDS_v3/toolchain/bin/../lib/gcc/arm-none-eabi/4.9.3/armv6-m/crti.o
LOAD /opt/Freescale/KDS_v3/toolchain/bin/../lib/gcc/arm-none-eabi/4.9.3/armv6-m/crtbegin.o
LOAD /opt/Freescale/KDS_v3/toolchain/bin/../lib/gcc/arm-none-eabi/4.9.3/../../../../arm-none-eabi/lib/armv6-m/crt0.o
LOAD ./Static_Code/System/CPU_Init.o
LOAD ./Static_Code/System/Peripherals_Init.o
LOAD ./Static_Code/System/Vectors.o
LOAD ./Static_Code/Peripherals/ACMP0_Init.o
LOAD ./Sources/Application.o
LOAD ./Sources/Events.o
LOAD ./Sources/main.o
LOAD ./Project_Settings/Startup_Code/startup.o
LOAD ./Generated_Code/AS1.o
LOAD ./Generated_Code/AS2.o
LOAD ./Generated_Code/CS1.o
LOAD ./Generated_Code/Cpu.o
LOAD ./Generated_Code/GREENLED.o
LOAD ./Generated_Code/KSDK1.o
LOAD ./Generated_Code/PE_LDD.o
LOAD ./Generated_Code/Pins1.o
LOAD ./Generated_Code/REDLED.o
LOAD ./Generated_Code/TU1.o
LOAD ./Generated_Code/UART_RxBuff.o
LOAD /opt/Freescale/KDS_v3/toolchain/bin/../lib/gcc/arm-none-eabi/4.9.3/../../../../arm-none-eabi/lib/armv6-m/libstdc++_nano.a
LOAD /opt/Freescale/KDS_v3/toolchain/bin/../lib/gcc/arm-none-eabi/4.9.3/../../../../arm-none-eabi/lib/armv6-m/libm.a
START GROUP
LOAD /opt/Freescale/KDS_v3/toolchain/bin/../lib/gcc/arm-none-eabi/4.9.3/armv6-m/libgcc.a
LOAD /opt/Freescale/KDS_v3/toolchain/bin/../lib/gcc/arm-none-eabi/4.9.3/../../../../arm-none-eabi/lib/armv6-m/libg_nano.a
LOAD /opt/Freescale/KDS_v3/toolchain/bin/../lib/gcc/arm-none-eabi/4.9.3/../../../../arm-none-eabi/lib/armv6-m/libc_nano.a
END GROUP
START GROUP
LOAD /opt/Freescale/KDS_v3/toolchain/bin/../lib/gcc/arm-none-eabi/4.9.3/armv6-m/libgcc.a
LOAD /opt/Freescale/KDS_v3/toolchain/bin/../lib/gcc/arm-none-eabi/4.9.3/../../../../arm-none-eabi/lib/armv6-m/libc_nano.a
LOAD /opt/Freescale/KDS_v3/toolchain/bin/../lib/gcc/arm-none-eabi/4.9.3/../../../../arm-none-eabi/lib/armv6-m/libnosys.a
END GROUP
START GROUP
LOAD /opt/Freescale/KDS_v3/toolchain/bin/../lib/gcc/arm-none-eabi/4.9.3/armv6-m/libgcc.a
LOAD /opt/Freescale/KDS_v3/toolchain/bin/../lib/gcc/arm-none-eabi/4.9.3/../../../../arm-none-eabi/lib/armv6-m/libc_nano.a
LOAD /opt/Freescale/KDS_v3/toolchain/bin/../lib/gcc/arm-none-eabi/4.9.3/../../../../arm-none-eabi/lib/armv6-m/libnosys.a
END GROUP
LOAD /opt/Freescale/KDS_v3/toolchain/bin/../lib/gcc/arm-none-eabi/4.9.3/armv6-m/crtend.o
LOAD /opt/Freescale/KDS_v3/toolchain/bin/../lib/gcc/arm-none-eabi/4.9.3/armv6-m/crtn.o
                0x20003000                _estack = 0x20003000
                0x20003000                __SP_INIT = _estack
                0x20003000                __stack = _estack
                0x00000000                __heap_size = 0x0
                0x00000400                __stack_size = 0x400

.interrupts     0x00000000       0xc0
                0x00000000                __vector_table = .
                0x00000000                . = ALIGN (0x4)
 *(.vectortable)
 .vectortable   0x00000000       0xc0 ./Static_Code/System/Vectors.o
                0x00000000                __vect_table
                0x000000c0                . = ALIGN (0x4)

.cfmprotect     0x00000400       0x10
                0x00000400                . = ALIGN (0x4)
 *(.cfmconfig)
 .cfmconfig     0x00000400       0x10 ./Static_Code/System/CPU_Init.o
                0x00000400                _cfm
                0x00000410                . = ALIGN (0x4)

.text           0x00000410     0x123c
                0x00000410                . = ALIGN (0x4)
 *(.text)
 .text          0x00000410       0x60 /opt/Freescale/KDS_v3/toolchain/bin/../lib/gcc/arm-none-eabi/4.9.3/armv6-m/crtbegin.o
 .text          0x00000470       0x78 /opt/Freescale/KDS_v3/toolchain/bin/../lib/gcc/arm-none-eabi/4.9.3/../../../../arm-none-eabi/lib/armv6-m/crt0.o
                0x00000470                _mainCRTStartup
                0x00000470                _start
 *(.text*)
 .text.__init_hardware
                0x000004e8       0x4c ./Static_Code/System/CPU_Init.o
                0x000004e8                __init_hardware
 .text.PE_low_level_init
                0x00000534       0x4c ./Static_Code/System/CPU_Init.o
                0x00000534                PE_low_level_init
 .text.CPU_GetClockGenMode
                0x00000580       0x6c ./Static_Code/System/CPU_Init.o
                0x00000580                CPU_GetClockGenMode
 .text.CPU_SetClockConfigGenMode
                0x000005ec      0x27c ./Static_Code/System/CPU_Init.o
                0x000005ec                CPU_SetClockConfigGenMode
 .text.Peripherals_Init
                0x00000868        0xc ./Static_Code/System/Peripherals_Init.o
                0x00000868                Peripherals_Init
 .text.UnhandledInterrupt
                0x00000874        0xc ./Static_Code/System/Vectors.o
                0x00000874                UnhandledInterrupt
 .text.ACMP0_Init
                0x00000880       0x38 ./Static_Code/Peripherals/ACMP0_Init.o
                0x00000880                ACMP0_Init
 .text.SendChar
                0x000008b8       0x3c ./Sources/Application.o
 .text.SendString
                0x000008f4       0x2c ./Sources/Application.o
 .text.Init     0x00000920       0x74 ./Sources/Application.o
 .text.APP_Run  0x00000994      0x104 ./Sources/Application.o
                0x00000994                APP_Run
 .text.Cpu_OnNMI
                0x00000a98        0x8 ./Sources/Events.o
                0x00000a98                Cpu_OnNMI
 .text.AS2_OnBlockReceived
                0x00000aa0       0x30 ./Sources/Events.o
                0x00000aa0                AS2_OnBlockReceived
 .text.AS1_OnBlockSent
                0x00000ad0       0x18 ./Sources/Events.o
                0x00000ad0                AS1_OnBlockSent
 .text.main     0x00000ae8       0x10 ./Sources/main.o
                0x00000ae8                main
 .text.__copy_rom_section
                0x00000af8       0xd8 ./Project_Settings/Startup_Code/startup.o
                0x00000af8                __copy_rom_section
 .text.__copy_rom_sections_to_ram
                0x00000bd0       0x98 ./Project_Settings/Startup_Code/startup.o
                0x00000bd0                __copy_rom_sections_to_ram
 .text.__init_registers
                0x00000c68        0x8 ./Project_Settings/Startup_Code/startup.o
                0x00000c68                __init_registers
 .text.__init_user
                0x00000c70        0x8 ./Project_Settings/Startup_Code/startup.o
                0x00000c70                __init_user
 .text.__thumb_startup
                0x00000c78       0x30 ./Project_Settings/Startup_Code/startup.o
                0x00000c78                __thumb_startup
 .text.AS1_Init
                0x00000ca8       0xf4 ./Generated_Code/AS1.o
                0x00000ca8                AS1_Init
 .text.AS1_SendBlock
                0x00000d9c       0xc4 ./Generated_Code/AS1.o
                0x00000d9c                AS1_SendBlock
 .text.InterruptTx
                0x00000e60       0x80 ./Generated_Code/AS1.o
 .text.AS1_Interrupt
                0x00000ee0       0x50 ./Generated_Code/AS1.o
                0x00000ee0                AS1_Interrupt
 .text.AS2_Init
                0x00000f30      0x11c ./Generated_Code/AS2.o
                0x00000f30                AS2_Init
 .text.AS2_ReceiveBlock
                0x0000104c       0x98 ./Generated_Code/AS2.o
                0x0000104c                AS2_ReceiveBlock
 .text.InterruptRx
                0x000010e4       0x58 ./Generated_Code/AS2.o
 .text.AS2_Interrupt
                0x0000113c       0x44 ./Generated_Code/AS2.o
                0x0000113c                AS2_Interrupt
 .text.Common_Init
                0x00001180       0x44 ./Generated_Code/Cpu.o
                0x00001180                Common_Init
 .text.Components_Init
                0x000011c4       0x30 ./Generated_Code/Cpu.o
                0x000011c4                Components_Init
 .text.Cpu_INT_NMIInterrupt
                0x000011f4        0xc ./Generated_Code/Cpu.o
                0x000011f4                Cpu_INT_NMIInterrupt
 .text.GREENLED_Init
                0x00001200       0x4c ./Generated_Code/GREENLED.o
                0x00001200                GREENLED_Init
 .text.GREENLED_NegVal
                0x0000124c       0x1c ./Generated_Code/GREENLED.o
                0x0000124c                GREENLED_NegVal
 .text.REDLED_Init
                0x00001268       0x4c ./Generated_Code/REDLED.o
                0x00001268                REDLED_Init
 .text.TU1_Init
                0x000012b4       0x5c ./Generated_Code/TU1.o
                0x000012b4                TU1_Init
 .text.TU1_ResetCounter
                0x00001310       0x1c ./Generated_Code/TU1.o
                0x00001310                TU1_ResetCounter
 .text.TU1_GetCounterValue
                0x0000132c       0x18 ./Generated_Code/TU1.o
                0x0000132c                TU1_GetCounterValue
 .text.UART_RxBuff_Put
                0x00001344       0x8c ./Generated_Code/UART_RxBuff.o
                0x00001344                UART_RxBuff_Put
 .text.UART_RxBuff_Get
                0x000013d0       0x88 ./Generated_Code/UART_RxBuff.o
                0x000013d0                UART_RxBuff_Get
 .text.UART_RxBuff_NofElements
                0x00001458       0x14 ./Generated_Code/UART_RxBuff.o
                0x00001458                UART_RxBuff_NofElements
 .text.UART_RxBuff_Init
                0x0000146c       0x28 ./Generated_Code/UART_RxBuff.o
                0x0000146c                UART_RxBuff_Init
 .text.exit     0x00001494       0x2c /opt/Freescale/KDS_v3/toolchain/bin/../lib/gcc/arm-none-eabi/4.9.3/../../../../arm-none-eabi/lib/armv6-m/libg_nano.a(lib_a-exit.o)
                0x00001494                exit
 .text.__libc_init_array
                0x000014c0       0x4c /opt/Freescale/KDS_v3/toolchain/bin/../lib/gcc/arm-none-eabi/4.9.3/../../../../arm-none-eabi/lib/armv6-m/libg_nano.a(lib_a-init.o)
                0x000014c0                __libc_init_array
 .text.memcpy   0x0000150c       0x12 /opt/Freescale/KDS_v3/toolchain/bin/../lib/gcc/arm-none-eabi/4.9.3/../../../../arm-none-eabi/lib/armv6-m/libg_nano.a(lib_a-memcpy.o)
                0x0000150c                memcpy
 .text.memset   0x0000151e       0x10 /opt/Freescale/KDS_v3/toolchain/bin/../lib/gcc/arm-none-eabi/4.9.3/../../../../arm-none-eabi/lib/armv6-m/libg_nano.a(lib_a-memset.o)
                0x0000151e                memset
 *fill*         0x0000152e        0x2 
 .text._exit    0x00001530        0x4 /opt/Freescale/KDS_v3/toolchain/bin/../lib/gcc/arm-none-eabi/4.9.3/../../../../arm-none-eabi/lib/armv6-m/libnosys.a(_exit.o)
                0x00001530                _exit
 *(.rodata)
 .rodata        0x00001534       0x27 ./Sources/Application.o
 *(.rodata*)
 *fill*         0x0000155b        0x1 
 .rodata.ClockGenModeMatrix
                0x0000155c       0x48 ./Static_Code/System/CPU_Init.o
 .rodata.CPU_ClockConfigDescriptors
                0x000015a4       0x10 ./Static_Code/System/CPU_Init.o
 .rodata.CPU_DefaultFEI
                0x000015b4        0x5 ./Static_Code/System/CPU_Init.o
 *fill*         0x000015b9        0x3 
 .rodata.CPU_DefaultFBI
                0x000015bc        0x5 ./Static_Code/System/CPU_Init.o
 *fill*         0x000015c1        0x3 
 .rodata.CPU_DefaultFBILP
                0x000015c4        0x5 ./Static_Code/System/CPU_Init.o
 *fill*         0x000015c9        0x3 
 .rodata.CPU_DefaultFEE
                0x000015cc        0x5 ./Static_Code/System/CPU_Init.o
 *fill*         0x000015d1        0x3 
 .rodata.CPU_DefaultFBE
                0x000015d4        0x5 ./Static_Code/System/CPU_Init.o
 *fill*         0x000015d9        0x3 
 .rodata.CPU_DefaultFBELP
                0x000015dc        0x5 ./Static_Code/System/CPU_Init.o
 *fill*         0x000015e1        0x3 
 .rodata.CPU_ClockGenModeRegs
                0x000015e4       0x18 ./Static_Code/System/CPU_Init.o
 .rodata.CPU_SetClockConfigGenMode
                0x000015fc       0x30 ./Static_Code/System/CPU_Init.o
 .rodata.str1.1
                0x0000162c        0x2 /opt/Freescale/KDS_v3/toolchain/bin/../lib/gcc/arm-none-eabi/4.9.3/../../../../arm-none-eabi/lib/armv6-m/libg_nano.a(lib_a-impure.o)
 *fill*         0x0000162e        0x2 
 .rodata._global_impure_ptr
                0x00001630        0x4 /opt/Freescale/KDS_v3/toolchain/bin/../lib/gcc/arm-none-eabi/4.9.3/../../../../arm-none-eabi/lib/armv6-m/libg_nano.a(lib_a-impure.o)
                0x00001630                _global_impure_ptr
 *(.glue_7)
 .glue_7        0x00000000        0x0 linker stubs
 *(.glue_7t)
 .glue_7t       0x00000000        0x0 linker stubs
 *(.eh_frame)
 .eh_frame      0x00001634        0x0 /opt/Freescale/KDS_v3/toolchain/bin/../lib/gcc/arm-none-eabi/4.9.3/armv6-m/crtbegin.o
 *(.init)
 .init          0x00001634        0x4 /opt/Freescale/KDS_v3/toolchain/bin/../lib/gcc/arm-none-eabi/4.9.3/armv6-m/crti.o
                0x00001634                _init
 .init          0x00001638        0x8 /opt/Freescale/KDS_v3/toolchain/bin/../lib/gcc/arm-none-eabi/4.9.3/armv6-m/crtn.o
 *(.fini)
 .fini          0x00001640        0x4 /opt/Freescale/KDS_v3/toolchain/bin/../lib/gcc/arm-none-eabi/4.9.3/armv6-m/crti.o
                0x00001640                _fini
 .fini          0x00001644        0x8 /opt/Freescale/KDS_v3/toolchain/bin/../lib/gcc/arm-none-eabi/4.9.3/armv6-m/crtn.o
                0x0000164c                . = ALIGN (0x4)
                0x0000164c                _etext = .

.vfp11_veneer   0x0000164c        0x0
 .vfp11_veneer  0x00000000        0x0 linker stubs

.v4_bx          0x0000164c        0x0
 .v4_bx         0x00000000        0x0 linker stubs

.iplt           0x0000164c        0x0
 .iplt          0x00000000        0x0 /opt/Freescale/KDS_v3/toolchain/bin/../lib/gcc/arm-none-eabi/4.9.3/armv6-m/crtbegin.o

.ARM.extab
 *(.ARM.extab* .gnu.linkonce.armextab.*)

.ARM            0x0000164c        0x8
                0x0000164c                __exidx_start = .
 *(.ARM.exidx*)
 .ARM.exidx     0x0000164c        0x8 /opt/Freescale/KDS_v3/toolchain/bin/../lib/gcc/arm-none-eabi/4.9.3/../../../../arm-none-eabi/lib/armv6-m/crt0.o
                0x00001654                __exidx_end = .

.rel.dyn        0x00001654        0x0
 .rel.iplt      0x00000000        0x0 /opt/Freescale/KDS_v3/toolchain/bin/../lib/gcc/arm-none-eabi/4.9.3/armv6-m/crtbegin.o

.ctors          0x00001654        0x0
                0x00001654                __CTOR_LIST__ = .
 *crtbegin.o(.ctors)
 *(EXCLUDE_FILE(*crtend.o) .ctors)
 *(SORT(.ctors.*))
 *(.ctors)
                0x00001654                __CTOR_END__ = .

.dtors          0x00001654        0x0
                0x00001654                __DTOR_LIST__ = .
 *crtbegin.o(.dtors)
 *(EXCLUDE_FILE(*crtend.o) .dtors)
 *(SORT(.dtors.*))
 *(.dtors)
                0x00001654                __DTOR_END__ = .

.preinit_array  0x00001654        0x0
                0x00001654                PROVIDE (__preinit_array_start, .)
 *(.preinit_array*)
                0x00001654                PROVIDE (__preinit_array_end, .)

.init_array     0x00001654        0x4
                0x00001654                PROVIDE (__init_array_start, .)
 *(SORT(.init_array.*))
 *(.init_array*)
 .init_array    0x00001654        0x4 /opt/Freescale/KDS_v3/toolchain/bin/../lib/gcc/arm-none-eabi/4.9.3/armv6-m/crtbegin.o
                0x00001658                PROVIDE (__init_array_end, .)

.fini_array     0x00001658        0x4
                0x00001658                PROVIDE (__fini_array_start, .)
 *(SORT(.fini_array.*))
 *(.fini_array*)
 .fini_array    0x00001658        0x4 /opt/Freescale/KDS_v3/toolchain/bin/../lib/gcc/arm-none-eabi/4.9.3/armv6-m/crtbegin.o
                0x0000165c                PROVIDE (__fini_array_end, .)
                0x0000165c                ___ROM_AT = .

.mtb            0x1ffff000        0x0
                0x1ffff000                . = ALIGN (0x8)
                0x1ffff000                _mtb_start = .
 *(.mtb_buf)
                0x1ffff000                . = ALIGN (0x8)
                0x1ffff000                _mtb_end = .

.data           0x1ffff000       0x60 load address 0x0000165c
                0x1ffff000                . = ALIGN (0x4)
                0x1ffff000                _sdata = .
 *(.data)
 *(.data*)
 .data.impure_data
                0x1ffff000       0x60 /opt/Freescale/KDS_v3/toolchain/bin/../lib/gcc/arm-none-eabi/4.9.3/../../../../arm-none-eabi/lib/armv6-m/libg_nano.a(lib_a-impure.o)
                0x1ffff060                . = ALIGN (0x4)
                0x1ffff060                _edata = .
                0x00000060                ___data_size = (_edata - _sdata)

.jcr            0x1ffff060        0x0 load address 0x000016bc
 .jcr           0x1ffff060        0x0 /opt/Freescale/KDS_v3/toolchain/bin/../lib/gcc/arm-none-eabi/4.9.3/armv6-m/crtbegin.o

.igot.plt       0x1ffff060        0x0 load address 0x000016bc
 .igot.plt      0x00000000        0x0 /opt/Freescale/KDS_v3/toolchain/bin/../lib/gcc/arm-none-eabi/4.9.3/armv6-m/crtbegin.o
                0x1ffff060                . = ALIGN (0x4)

.bss            0x1ffff060       0xd4 load address 0x000016bc
                0x1ffff060                __START_BSS = .
                0x1ffff060                PROVIDE (__bss_start__, __START_BSS)
 *(.bss)
 .bss           0x1ffff060       0x1c /opt/Freescale/KDS_v3/toolchain/bin/../lib/gcc/arm-none-eabi/4.9.3/armv6-m/crtbegin.o
 *(.bss*)
 .bss.SR_lock   0x1ffff07c        0x1 ./Static_Code/System/CPU_Init.o
                0x1ffff07c                SR_lock
 *fill*         0x1ffff07d        0x3 
 .bss.uartData  0x1ffff080        0xc ./Sources/Application.o
 .bss.irdaData  0x1ffff08c        0xc ./Sources/Application.o
 .bss.DataFrameRxFlg
                0x1ffff098        0x1 ./Sources/Application.o
                0x1ffff098                DataFrameRxFlg
 *fill*         0x1ffff099        0x3 
 .bss.DeviceDataPrv__DEFAULT_RTOS_ALLOC
                0x1ffff09c       0x10 ./Generated_Code/AS1.o
 .bss.INT_UART1__DEFAULT_RTOS_ISRPARAM
                0x1ffff0ac        0x4 ./Generated_Code/AS1.o
 .bss.DeviceDataPrv__DEFAULT_RTOS_ALLOC
                0x1ffff0b0       0x10 ./Generated_Code/AS2.o
 .bss.INT_UART0__DEFAULT_RTOS_ISRPARAM
                0x1ffff0c0        0x4 ./Generated_Code/AS2.o
 .bss.DeviceDataPrv__DEFAULT_RTOS_ALLOC
                0x1ffff0c4        0x4 ./Generated_Code/GREENLED.o
 .bss.PE_LDD_DeviceDataList
                0x1ffff0c8       0x14 ./Generated_Code/PE_LDD.o
                0x1ffff0c8                PE_LDD_DeviceDataList
 .bss.DeviceDataPrv__DEFAULT_RTOS_ALLOC
                0x1ffff0dc        0x4 ./Generated_Code/REDLED.o
 .bss.DeviceDataPrv__DEFAULT_RTOS_ALLOC
                0x1ffff0e0        0x8 ./Generated_Code/TU1.o
 .bss.UART_RxBuff_buffer
                0x1ffff0e8       0x40 ./Generated_Code/UART_RxBuff.o
 .bss.UART_RxBuff_inIdx
                0x1ffff128        0x1 ./Generated_Code/UART_RxBuff.o
 .bss.UART_RxBuff_outIdx
                0x1ffff129        0x1 ./Generated_Code/UART_RxBuff.o
 .bss.UART_RxBuff_inSize
                0x1ffff12a        0x1 ./Generated_Code/UART_RxBuff.o
 *(COMMON)
 COMMON         0x1ffff12b        0x1 ./Static_Code/System/CPU_Init.o
                0x1ffff12b                SR_reg
 COMMON         0x1ffff12c        0x5 ./Sources/Application.o
                0x1ffff12c                DataFrameTxFlg
                0x1ffff12d                txbuffer
                0x1ffff12e                Error
                0x1ffff130                rxbuffer
                0x1ffff134                . = ALIGN (0x4)
 *fill*         0x1ffff131        0x3 
                0x1ffff134                __END_BSS = .
                0x1ffff134                PROVIDE (__bss_end__, __END_BSS)
                0x000016bc                _romp_at = (___ROM_AT + SIZEOF (.data))

.romp           0x1ffff134       0x18 load address 0x000016bc
                0x000016bc                __S_romp = _romp_at
                0x1ffff134        0x4 LONG 0x165c ___ROM_AT
                0x1ffff138        0x4 LONG 0x1ffff000 _sdata
                0x1ffff13c        0x4 LONG 0x60 ___data_size
                0x1ffff140        0x4 LONG 0x0
                0x1ffff144        0x4 LONG 0x0
                0x1ffff148        0x4 LONG 0x0
                0x00020000                text_end = (ORIGIN (m_text) + 0x1fbf0)
                0x000016d4                data_init_end = ((___ROM_AT + SIZEOF (.data)) + SIZEOF (.romp))
                0x00000001                ASSERT ((data_init_end <= text_end), region m_text overflowed with text and data)

._user_heap_stack
                0x1ffff14c      0x400 load address 0x000016d4
                0x1ffff14c                . = ALIGN (0x4)
                0x1ffff14c                PROVIDE (end, .)
                0x1ffff14c                PROVIDE (_end, .)
                0x1ffff14c                PROVIDE (__end__, .)
                0x1ffff14c                __heap_addr = .
                0x1ffff14c                __HeapBase = .
                0x1ffff14c                . = (. + __heap_size)
                0x1ffff14c                __HeapLimit = .
                0x1ffff54c                . = (. + __stack_size)
 *fill*         0x1ffff14c      0x400 
                0x1ffff54c                . = ALIGN (0x4)

.ARM.attributes
                0x00000000       0x28
 *(.ARM.attributes)
 .ARM.attributes
                0x00000000       0x1e /opt/Freescale/KDS_v3/toolchain/bin/../lib/gcc/arm-none-eabi/4.9.3/armv6-m/crti.o
 .ARM.attributes
                0x0000001e       0x2c /opt/Freescale/KDS_v3/toolchain/bin/../lib/gcc/arm-none-eabi/4.9.3/armv6-m/crtbegin.o
 .ARM.attributes
                0x0000004a       0x1b /opt/Freescale/KDS_v3/toolchain/bin/../lib/gcc/arm-none-eabi/4.9.3/../../../../arm-none-eabi/lib/armv6-m/crt0.o
 .ARM.attributes
                0x00000065       0x32 ./Static_Code/System/CPU_Init.o
 .ARM.attributes
                0x00000097       0x32 ./Static_Code/System/Peripherals_Init.o
 .ARM.attributes
                0x000000c9       0x32 ./Static_Code/System/Vectors.o
 .ARM.attributes
                0x000000fb       0x32 ./Static_Code/Peripherals/ACMP0_Init.o
 .ARM.attributes
                0x0000012d       0x32 ./Sources/Application.o
 .ARM.attributes
                0x0000015f       0x32 ./Sources/Events.o
 .ARM.attributes
                0x00000191       0x32 ./Sources/main.o
 .ARM.attributes
                0x000001c3       0x32 ./Project_Settings/Startup_Code/startup.o
 .ARM.attributes
                0x000001f5       0x32 ./Generated_Code/AS1.o
 .ARM.attributes
                0x00000227       0x32 ./Generated_Code/AS2.o
 .ARM.attributes
                0x00000259       0x32 ./Generated_Code/Cpu.o
 .ARM.attributes
                0x0000028b       0x32 ./Generated_Code/GREENLED.o
 .ARM.attributes
                0x000002bd       0x32 ./Generated_Code/PE_LDD.o
 .ARM.attributes
                0x000002ef       0x32 ./Generated_Code/REDLED.o
 .ARM.attributes
                0x00000321       0x32 ./Generated_Code/TU1.o
 .ARM.attributes
                0x00000353       0x32 ./Generated_Code/UART_RxBuff.o
 .ARM.attributes
                0x00000385       0x2c /opt/Freescale/KDS_v3/toolchain/bin/../lib/gcc/arm-none-eabi/4.9.3/../../../../arm-none-eabi/lib/armv6-m/libg_nano.a(lib_a-exit.o)
 .ARM.attributes
                0x000003b1       0x2c /opt/Freescale/KDS_v3/toolchain/bin/../lib/gcc/arm-none-eabi/4.9.3/../../../../arm-none-eabi/lib/armv6-m/libg_nano.a(lib_a-impure.o)
 .ARM.attributes
                0x000003dd       0x2c /opt/Freescale/KDS_v3/toolchain/bin/../lib/gcc/arm-none-eabi/4.9.3/../../../../arm-none-eabi/lib/armv6-m/libg_nano.a(lib_a-init.o)
 .ARM.attributes
                0x00000409       0x2c /opt/Freescale/KDS_v3/toolchain/bin/../lib/gcc/arm-none-eabi/4.9.3/../../../../arm-none-eabi/lib/armv6-m/libg_nano.a(lib_a-memcpy.o)
 .ARM.attributes
                0x00000435       0x2c /opt/Freescale/KDS_v3/toolchain/bin/../lib/gcc/arm-none-eabi/4.9.3/../../../../arm-none-eabi/lib/armv6-m/libg_nano.a(lib_a-memset.o)
 .ARM.attributes
                0x00000461       0x2c /opt/Freescale/KDS_v3/toolchain/bin/../lib/gcc/arm-none-eabi/4.9.3/../../../../arm-none-eabi/lib/armv6-m/libnosys.a(_exit.o)
 .ARM.attributes
                0x0000048d       0x1e /opt/Freescale/KDS_v3/toolchain/bin/../lib/gcc/arm-none-eabi/4.9.3/armv6-m/crtn.o
OUTPUT(IrDA.elf elf32-littlearm)

.debug_info     0x00000000     0x2fb5
 .debug_info    0x00000000      0x750 ./Static_Code/System/CPU_Init.o
 .debug_info    0x00000750       0x96 ./Static_Code/System/Peripherals_Init.o
 .debug_info    0x000007e6      0x459 ./Static_Code/System/Vectors.o
 .debug_info    0x00000c3f       0xfb ./Static_Code/Peripherals/ACMP0_Init.o
 .debug_info    0x00000d3a      0x2c3 ./Sources/Application.o
 .debug_info    0x00000ffd      0x1cf ./Sources/Events.o
 .debug_info    0x000011cc       0x9a ./Sources/main.o
 .debug_info    0x00001266      0x20a ./Project_Settings/Startup_Code/startup.o
 .debug_info    0x00001470      0x4aa ./Generated_Code/AS1.o
 .debug_info    0x0000191a      0x4b9 ./Generated_Code/AS2.o
 .debug_info    0x00001dd3      0x25b ./Generated_Code/Cpu.o
 .debug_info    0x0000202e      0x2fe ./Generated_Code/GREENLED.o
 .debug_info    0x0000232c      0x24d ./Generated_Code/PE_LDD.o
 .debug_info    0x00002579      0x2fe ./Generated_Code/REDLED.o
 .debug_info    0x00002877      0x3f3 ./Generated_Code/TU1.o
 .debug_info    0x00002c6a      0x34b ./Generated_Code/UART_RxBuff.o

.debug_abbrev   0x00000000     0x11c1
 .debug_abbrev  0x00000000      0x1d5 ./Static_Code/System/CPU_Init.o
 .debug_abbrev  0x000001d5       0x45 ./Static_Code/System/Peripherals_Init.o
 .debug_abbrev  0x0000021a       0xd8 ./Static_Code/System/Vectors.o
 .debug_abbrev  0x000002f2       0x80 ./Static_Code/Peripherals/ACMP0_Init.o
 .debug_abbrev  0x00000372      0x150 ./Sources/Application.o
 .debug_abbrev  0x000004c2      0x10c ./Sources/Events.o
 .debug_abbrev  0x000005ce       0x47 ./Sources/main.o
 .debug_abbrev  0x00000615      0x11e ./Project_Settings/Startup_Code/startup.o
 .debug_abbrev  0x00000733      0x19c ./Generated_Code/AS1.o
 .debug_abbrev  0x000008cf      0x19c ./Generated_Code/AS2.o
 .debug_abbrev  0x00000a6b       0xed ./Generated_Code/Cpu.o
 .debug_abbrev  0x00000b58      0x147 ./Generated_Code/GREENLED.o
 .debug_abbrev  0x00000c9f      0x10d ./Generated_Code/PE_LDD.o
 .debug_abbrev  0x00000dac      0x147 ./Generated_Code/REDLED.o
 .debug_abbrev  0x00000ef3      0x145 ./Generated_Code/TU1.o
 .debug_abbrev  0x00001038      0x189 ./Generated_Code/UART_RxBuff.o

.debug_aranges  0x00000000      0x510
 .debug_aranges
                0x00000000       0x38 ./Static_Code/System/CPU_Init.o
 .debug_aranges
                0x00000038       0x20 ./Static_Code/System/Peripherals_Init.o
 .debug_aranges
                0x00000058      0x190 ./Static_Code/System/Vectors.o
 .debug_aranges
                0x000001e8       0x20 ./Static_Code/Peripherals/ACMP0_Init.o
 .debug_aranges
                0x00000208       0x38 ./Sources/Application.o
 .debug_aranges
                0x00000240       0x38 ./Sources/Events.o
 .debug_aranges
                0x00000278       0x20 ./Sources/main.o
 .debug_aranges
                0x00000298       0x50 ./Project_Settings/Startup_Code/startup.o
 .debug_aranges
                0x000002e8       0x38 ./Generated_Code/AS1.o
 .debug_aranges
                0x00000320       0x38 ./Generated_Code/AS2.o
 .debug_aranges
                0x00000358       0x30 ./Generated_Code/Cpu.o
 .debug_aranges
                0x00000388       0x58 ./Generated_Code/GREENLED.o
 .debug_aranges
                0x000003e0       0x30 ./Generated_Code/PE_LDD.o
 .debug_aranges
                0x00000410       0x58 ./Generated_Code/REDLED.o
 .debug_aranges
                0x00000468       0x40 ./Generated_Code/TU1.o
 .debug_aranges
                0x000004a8       0x68 ./Generated_Code/UART_RxBuff.o

.debug_ranges   0x00000000      0x410
 .debug_ranges  0x00000000       0x28 ./Static_Code/System/CPU_Init.o
 .debug_ranges  0x00000028       0x10 ./Static_Code/System/Peripherals_Init.o
 .debug_ranges  0x00000038      0x180 ./Static_Code/System/Vectors.o
 .debug_ranges  0x000001b8       0x10 ./Static_Code/Peripherals/ACMP0_Init.o
 .debug_ranges  0x000001c8       0x28 ./Sources/Application.o
 .debug_ranges  0x000001f0       0x28 ./Sources/Events.o
 .debug_ranges  0x00000218       0x10 ./Sources/main.o
 .debug_ranges  0x00000228       0x40 ./Project_Settings/Startup_Code/startup.o
 .debug_ranges  0x00000268       0x28 ./Generated_Code/AS1.o
 .debug_ranges  0x00000290       0x28 ./Generated_Code/AS2.o
 .debug_ranges  0x000002b8       0x20 ./Generated_Code/Cpu.o
 .debug_ranges  0x000002d8       0x48 ./Generated_Code/GREENLED.o
 .debug_ranges  0x00000320       0x20 ./Generated_Code/PE_LDD.o
 .debug_ranges  0x00000340       0x48 ./Generated_Code/REDLED.o
 .debug_ranges  0x00000388       0x30 ./Generated_Code/TU1.o
 .debug_ranges  0x000003b8       0x58 ./Generated_Code/UART_RxBuff.o

.debug_macro    0x00000000    0x17a0c
 .debug_macro   0x00000000      0x1e6 ./Static_Code/System/CPU_Init.o
 .debug_macro   0x000001e6      0x81a ./Static_Code/System/CPU_Init.o
 .debug_macro   0x00000a00       0x22 ./Static_Code/System/CPU_Init.o
 .debug_macro   0x00000a22       0x44 ./Static_Code/System/CPU_Init.o
 .debug_macro   0x00000a66       0xe3 ./Static_Code/System/CPU_Init.o
 .debug_macro   0x00000b49       0x22 ./Static_Code/System/CPU_Init.o
 .debug_macro   0x00000b6b      0x1df ./Static_Code/System/CPU_Init.o
 .debug_macro   0x00000d4a     0x15a7 ./Static_Code/System/CPU_Init.o
 .debug_macro   0x000022f1     0x539e ./Static_Code/System/CPU_Init.o
 .debug_macro   0x0000768f      0x2d6 ./Static_Code/System/CPU_Init.o
 .debug_macro   0x00007965       0x2e ./Static_Code/System/CPU_Init.o
 .debug_macro   0x00007993       0x10 ./Static_Code/System/CPU_Init.o
 .debug_macro   0x000079a3      0x14e ./Static_Code/System/CPU_Init.o
 .debug_macro   0x00007af1       0x5e ./Static_Code/System/CPU_Init.o
 .debug_macro   0x00007b4f       0x94 ./Static_Code/System/CPU_Init.o
 .debug_macro   0x00007be3      0x12c ./Static_Code/System/CPU_Init.o
 .debug_macro   0x00007d0f       0x58 ./Static_Code/System/CPU_Init.o
 .debug_macro   0x00007d67       0x35 ./Static_Code/System/CPU_Init.o
 .debug_macro   0x00007d9c       0x9c ./Static_Code/System/CPU_Init.o
 .debug_macro   0x00007e38       0x16 ./Static_Code/System/CPU_Init.o
 .debug_macro   0x00007e4e       0x52 ./Static_Code/System/CPU_Init.o
 .debug_macro   0x00007ea0       0x42 ./Static_Code/System/CPU_Init.o
 .debug_macro   0x00007ee2       0x22 ./Static_Code/System/CPU_Init.o
 .debug_macro   0x00007f04       0x22 ./Static_Code/System/CPU_Init.o
 .debug_macro   0x00007f26       0x2e ./Static_Code/System/CPU_Init.o
 .debug_macro   0x00007f54       0x1d ./Static_Code/System/CPU_Init.o
 .debug_macro   0x00007f71       0x42 ./Static_Code/System/CPU_Init.o
 .debug_macro   0x00007fb3       0x58 ./Static_Code/System/CPU_Init.o
 .debug_macro   0x0000800b      0x6a6 ./Static_Code/System/CPU_Init.o
 .debug_macro   0x000086b1       0x67 ./Static_Code/System/CPU_Init.o
 .debug_macro   0x00008718       0xb7 ./Static_Code/System/Peripherals_Init.o
 .debug_macro   0x000087cf      0x1fb ./Static_Code/System/Vectors.o
 .debug_macro   0x000089ca      0x12a ./Static_Code/System/Vectors.o
 .debug_macro   0x00008af4       0xb9 ./Static_Code/Peripherals/ACMP0_Init.o
 .debug_macro   0x00008bad       0x10 ./Static_Code/Peripherals/ACMP0_Init.o
 .debug_macro   0x00008bbd     0x5392 ./Static_Code/Peripherals/ACMP0_Init.o
 .debug_macro   0x0000df4f     0x15ad ./Static_Code/Peripherals/ACMP0_Init.o
 .debug_macro   0x0000f4fc      0x1cd ./Sources/Application.o
 .debug_macro   0x0000f6c9      0x2ca ./Sources/Events.o
 .debug_macro   0x0000f993      0x5cf ./Sources/Events.o
 .debug_macro   0x0000ff62      0x2d3 ./Sources/Events.o
 .debug_macro   0x00010235      0x109 ./Sources/Events.o
 .debug_macro   0x0001033e      0x223 ./Sources/Events.o
 .debug_macro   0x00010561      0x299 ./Sources/Events.o
 .debug_macro   0x000107fa       0x65 ./Sources/Events.o
 .debug_macro   0x0001085f      0x20f ./Sources/Events.o
 .debug_macro   0x00010a6e      0x13f ./Sources/Events.o
 .debug_macro   0x00010bad      0x63a ./Sources/Events.o
 .debug_macro   0x000111e7     0x266f ./Sources/Events.o
 .debug_macro   0x00013856       0xbb ./Sources/Events.o
 .debug_macro   0x00013911       0xe9 ./Sources/Events.o
 .debug_macro   0x000139fa      0x4ea ./Sources/Events.o
 .debug_macro   0x00013ee4      0x13a ./Sources/Events.o
 .debug_macro   0x0001401e       0xb8 ./Sources/Events.o
 .debug_macro   0x000140d6      0x179 ./Sources/Events.o
 .debug_macro   0x0001424f      0x987 ./Sources/Events.o
 .debug_macro   0x00014bd6      0x648 ./Sources/Events.o
 .debug_macro   0x0001521e       0x86 ./Sources/Events.o
 .debug_macro   0x000152a4      0x7b8 ./Sources/Events.o
 .debug_macro   0x00015a5c      0x162 ./Sources/Events.o
 .debug_macro   0x00015bbe      0x2ca ./Sources/main.o
 .debug_macro   0x00015e88      0x139 ./Project_Settings/Startup_Code/startup.o
 .debug_macro   0x00015fc1      0x166 ./Project_Settings/Startup_Code/startup.o
 .debug_macro   0x00016127       0x4a ./Project_Settings/Startup_Code/startup.o
 .debug_macro   0x00016171       0x52 ./Project_Settings/Startup_Code/startup.o
 .debug_macro   0x000161c3       0x16 ./Project_Settings/Startup_Code/startup.o
 .debug_macro   0x000161d9       0x43 ./Project_Settings/Startup_Code/startup.o
 .debug_macro   0x0001621c      0x180 ./Project_Settings/Startup_Code/startup.o
 .debug_macro   0x0001639c      0x29d ./Project_Settings/Startup_Code/startup.o
 .debug_macro   0x00016639       0x10 ./Project_Settings/Startup_Code/startup.o
 .debug_macro   0x00016649       0x35 ./Project_Settings/Startup_Code/startup.o
 .debug_macro   0x0001667e       0x16 ./Project_Settings/Startup_Code/startup.o
 .debug_macro   0x00016694       0x22 ./Project_Settings/Startup_Code/startup.o
 .debug_macro   0x000166b6      0x207 ./Generated_Code/AS1.o
 .debug_macro   0x000168bd       0x3c ./Generated_Code/AS1.o
 .debug_macro   0x000168f9      0x207 ./Generated_Code/AS2.o
 .debug_macro   0x00016b00       0x3c ./Generated_Code/AS2.o
 .debug_macro   0x00016b3c      0x1e8 ./Generated_Code/Cpu.o
 .debug_macro   0x00016d24      0x10c ./Generated_Code/GREENLED.o
 .debug_macro   0x00016e30      0x1b7 ./Generated_Code/PE_LDD.o
 .debug_macro   0x00016fe7      0x10c ./Generated_Code/REDLED.o
 .debug_macro   0x000170f3       0x52 ./Generated_Code/REDLED.o
 .debug_macro   0x00017145      0x10c ./Generated_Code/TU1.o
 .debug_macro   0x00017251      0x6a0 ./Generated_Code/TU1.o
 .debug_macro   0x000178f1      0x11b ./Generated_Code/UART_RxBuff.o

.debug_line     0x00000000     0x4821
 .debug_line    0x00000000      0x537 ./Static_Code/System/CPU_Init.o
 .debug_line    0x00000537      0x28f ./Static_Code/System/Peripherals_Init.o
 .debug_line    0x000007c6      0x7aa ./Static_Code/System/Vectors.o
 .debug_line    0x00000f70      0x2ce ./Static_Code/Peripherals/ACMP0_Init.o
 .debug_line    0x0000123e      0x4cb ./Sources/Application.o
 .debug_line    0x00001709      0x5a7 ./Sources/Events.o
 .debug_line    0x00001cb0      0x574 ./Sources/main.o
 .debug_line    0x00002224      0x38b ./Project_Settings/Startup_Code/startup.o
 .debug_line    0x000025af      0x526 ./Generated_Code/AS1.o
 .debug_line    0x00002ad5      0x524 ./Generated_Code/AS2.o
 .debug_line    0x00002ff9      0x4cf ./Generated_Code/Cpu.o
 .debug_line    0x000034c8      0x3c0 ./Generated_Code/GREENLED.o
 .debug_line    0x00003888      0x46d ./Generated_Code/PE_LDD.o
 .debug_line    0x00003cf5      0x3bc ./Generated_Code/REDLED.o
 .debug_line    0x000040b1      0x381 ./Generated_Code/TU1.o
 .debug_line    0x00004432      0x3ef ./Generated_Code/UART_RxBuff.o

.debug_str      0x00000000    0x8a561
 .debug_str     0x00000000    0x30cb2 ./Static_Code/System/CPU_Init.o
                              0x310cc (size before relaxing)
 .debug_str     0x00030cb2       0x3a ./Static_Code/System/Peripherals_Init.o
                               0xa3ba (size before relaxing)
 .debug_str     0x00030cec      0xbee ./Static_Code/System/Vectors.o
                              0x31903 (size before relaxing)
 .debug_str     0x000318da       0x43 ./Static_Code/Peripherals/ACMP0_Init.o
                              0x25df0 (size before relaxing)
 .debug_str     0x0003191d       0xfb ./Sources/Application.o
                              0x30ddb (size before relaxing)
 .debug_str     0x00031a18    0x560dd ./Sources/Events.o
                              0x86e18 (size before relaxing)
 .debug_str     0x00087af5       0x17 ./Sources/main.o
                              0x86d5b (size before relaxing)
 .debug_str     0x00087b0c     0x2181 ./Project_Settings/Startup_Code/startup.o
                              0x21005 (size before relaxing)
 .debug_str     0x00089c8d      0x179 ./Generated_Code/AS1.o
                              0x3edf5 (size before relaxing)
 .debug_str     0x00089e06       0xdf ./Generated_Code/AS2.o
                              0x3ee01 (size before relaxing)
 .debug_str     0x00089ee5       0x34 ./Generated_Code/Cpu.o
                              0x30dd9 (size before relaxing)
 .debug_str     0x00089f19      0x116 ./Generated_Code/GREENLED.o
                              0x27850 (size before relaxing)
 .debug_str     0x0008a02f      0x15a ./Generated_Code/PE_LDD.o
                              0x30e8c (size before relaxing)
 .debug_str     0x0008a189       0xb4 ./Generated_Code/REDLED.o
                              0x2781c (size before relaxing)
 .debug_str     0x0008a23d      0x119 ./Generated_Code/TU1.o
                              0x2fcb6 (size before relaxing)
 .debug_str     0x0008a356      0x20b ./Generated_Code/UART_RxBuff.o
                              0x26c3f (size before relaxing)

.comment        0x00000000       0x70
 .comment       0x00000000       0x70 ./Static_Code/System/CPU_Init.o
                                 0x71 (size before relaxing)
 .comment       0x00000000       0x71 ./Static_Code/System/Peripherals_Init.o
 .comment       0x00000000       0x71 ./Static_Code/System/Vectors.o
 .comment       0x00000000       0x71 ./Static_Code/Peripherals/ACMP0_Init.o
 .comment       0x00000000       0x71 ./Sources/Application.o
 .comment       0x00000000       0x71 ./Sources/Events.o
 .comment       0x00000000       0x71 ./Sources/main.o
 .comment       0x00000000       0x71 ./Project_Settings/Startup_Code/startup.o
 .comment       0x00000000       0x71 ./Generated_Code/AS1.o
 .comment       0x00000000       0x71 ./Generated_Code/AS2.o
 .comment       0x00000000       0x71 ./Generated_Code/Cpu.o
 .comment       0x00000000       0x71 ./Generated_Code/GREENLED.o
 .comment       0x00000000       0x71 ./Generated_Code/PE_LDD.o
 .comment       0x00000000       0x71 ./Generated_Code/REDLED.o
 .comment       0x00000000       0x71 ./Generated_Code/TU1.o
 .comment       0x00000000       0x71 ./Generated_Code/UART_RxBuff.o

.debug_frame    0x00000000      0xee4
 .debug_frame   0x00000000       0x84 ./Static_Code/System/CPU_Init.o
 .debug_frame   0x00000084       0x2c ./Static_Code/System/Peripherals_Init.o
 .debug_frame   0x000000b0      0x534 ./Static_Code/System/Vectors.o
 .debug_frame   0x000005e4       0x2c ./Static_Code/Peripherals/ACMP0_Init.o
 .debug_frame   0x00000610       0x8c ./Sources/Application.o
 .debug_frame   0x0000069c       0x8c ./Sources/Events.o
 .debug_frame   0x00000728       0x2c ./Sources/main.o
 .debug_frame   0x00000754       0xd0 ./Project_Settings/Startup_Code/startup.o
 .debug_frame   0x00000824       0x90 ./Generated_Code/AS1.o
 .debug_frame   0x000008b4       0x90 ./Generated_Code/AS2.o
 .debug_frame   0x00000944       0x64 ./Generated_Code/Cpu.o
 .debug_frame   0x000009a8      0x110 ./Generated_Code/GREENLED.o
 .debug_frame   0x00000ab8       0x6c ./Generated_Code/PE_LDD.o
 .debug_frame   0x00000b24      0x110 ./Generated_Code/REDLED.o
 .debug_frame   0x00000c34       0xb0 ./Generated_Code/TU1.o
 .debug_frame   0x00000ce4      0x144 ./Generated_Code/UART_RxBuff.o
 .debug_frame   0x00000e28       0x28 /opt/Freescale/KDS_v3/toolchain/bin/../lib/gcc/arm-none-eabi/4.9.3/../../../../arm-none-eabi/lib/armv6-m/libg_nano.a(lib_a-exit.o)
 .debug_frame   0x00000e50       0x2c /opt/Freescale/KDS_v3/toolchain/bin/../lib/gcc/arm-none-eabi/4.9.3/../../../../arm-none-eabi/lib/armv6-m/libg_nano.a(lib_a-init.o)
 .debug_frame   0x00000e7c       0x28 /opt/Freescale/KDS_v3/toolchain/bin/../lib/gcc/arm-none-eabi/4.9.3/../../../../arm-none-eabi/lib/armv6-m/libg_nano.a(lib_a-memcpy.o)
 .debug_frame   0x00000ea4       0x20 /opt/Freescale/KDS_v3/toolchain/bin/../lib/gcc/arm-none-eabi/4.9.3/../../../../arm-none-eabi/lib/armv6-m/libg_nano.a(lib_a-memset.o)
 .debug_frame   0x00000ec4       0x20 /opt/Freescale/KDS_v3/toolchain/bin/../lib/gcc/arm-none-eabi/4.9.3/../../../../arm-none-eabi/lib/armv6-m/libnosys.a(_exit.o)
